// Jest Snapshot v1, https://goo.gl/fbAQLP

exports[`Test Detail scene Tests snapshot 1`] = `""`;
