// Jest Snapshot v1, https://goo.gl/fbAQLP

exports[`Test Home scene Tests snapshot 1`] = `
<Fragment>
  <SceneMeta />
  <styled.div>
    <Heading
      level={1}
    >
      trending
    </Heading>
  </styled.div>
</Fragment>
`;
