// Jest Snapshot v1, https://goo.gl/fbAQLP

exports[`Select test if props are set properly 1`] = `
Object {
  "defaultValue": Array [
    Object {
      "label": "AMD - GEL",
      "value": "70c6744c-cba2-5f4c-8a06-0dac0c4e43a1",
    },
    Object {
      "label": "PHP - DZD",
      "value": "41cae0fd-b74d-5304-a45c-ba000471eabd",
    },
    Object {
      "label": "LSL - AUD",
      "value": "5b428ac9-ec57-513d-8a08-20199469fb4d",
    },
    Object {
      "label": "BDT - VEF",
      "value": "f816e384-0e43-5ce7-a017-deaa8d666774",
    },
    Object {
      "label": "QAR - JOD",
      "value": "5b98842f-bfe5-5564-b321-068763d7e2a3",
    },
    Object {
      "label": "SRD - CZK",
      "value": "a2bda952-4369-5d41-9d0b-e6c9947e5b82",
    },
    Object {
      "label": "CZK - LSL",
      "value": "1993f7b9-f9be-551a-beac-312d6befd0cf",
    },
    Object {
      "label": "DZD - MVR",
      "value": "61fb0e0d-626e-5e0a-831a-ef95d5c32203",
    },
    Object {
      "label": "BIF - CLP",
      "value": "b7fdd67f-5051-58b7-a3c6-84f5da637df5",
    },
    Object {
      "label": "HKD - FKP",
      "value": "611398c5-6bd9-596e-8803-3ed0b093995d",
    },
  ],
  "isMulti": true,
  "onChange": [Function],
  "options": Array [
    Object {
      "label": "AMD - GEL",
      "value": "70c6744c-cba2-5f4c-8a06-0dac0c4e43a1",
    },
    Object {
      "label": "PHP - DZD",
      "value": "41cae0fd-b74d-5304-a45c-ba000471eabd",
    },
    Object {
      "label": "LSL - AUD",
      "value": "5b428ac9-ec57-513d-8a08-20199469fb4d",
    },
    Object {
      "label": "BDT - VEF",
      "value": "f816e384-0e43-5ce7-a017-deaa8d666774",
    },
    Object {
      "label": "QAR - JOD",
      "value": "5b98842f-bfe5-5564-b321-068763d7e2a3",
    },
    Object {
      "label": "SRD - CZK",
      "value": "a2bda952-4369-5d41-9d0b-e6c9947e5b82",
    },
    Object {
      "label": "CZK - LSL",
      "value": "1993f7b9-f9be-551a-beac-312d6befd0cf",
    },
    Object {
      "label": "DZD - MVR",
      "value": "61fb0e0d-626e-5e0a-831a-ef95d5c32203",
    },
    Object {
      "label": "BIF - CLP",
      "value": "b7fdd67f-5051-58b7-a3c6-84f5da637df5",
    },
    Object {
      "label": "HKD - FKP",
      "value": "611398c5-6bd9-596e-8803-3ed0b093995d",
    },
  ],
  "styles": Object {
    "control": [Function],
    "multiValue": [Function],
    "option": [Function],
  },
}
`;

exports[`Select test if props are set properly 2`] = `
<body>
  <div />
</body>
`;
