// Jest Snapshot v1, https://goo.gl/fbAQLP

exports[`Test Card component Tests snapshot 1`] = `
<styled.div
  background="test.jpg"
  onClick={[Function]}
>
  <styled.div>
    <styled.h2>
      test
    </styled.h2>
    <styled.span>
      en
    </styled.span>
  </styled.div>
  <styled.p>
    test
  </styled.p>
</styled.div>
`;

exports[`Test StyledCard component Tests snapshot 1`] = `
.c0 {
  display: -webkit-box;
  display: -webkit-flex;
  display: -ms-flexbox;
  display: flex;
  -webkit-flex-direction: column;
  -ms-flex-direction: column;
  flex-direction: column;
  -webkit-box-flex: 0;
  -webkit-flex-grow: 0;
  -ms-flex-positive: 0;
  flex-grow: 0;
  -webkit-box-pack: end;
  -webkit-justify-content: flex-end;
  -ms-flex-pack: end;
  justify-content: flex-end;
  height: 18rem;
  padding: 1rem;
  background: url(test.jpg) no-repeat 50% 50%;
  background-size: cover;
  border: 1px solid #DBDBDB;
  border-radius: 4px;
  box-shadow: 0px 0px 10px 0px rgba(0,0,0,0.25);
  cursor: pointer;
}

<div
  class="c0"
/>
`;
