// Jest Snapshot v1, https://goo.gl/fbAQLP

exports[`Test SceneMeta component Tests snapshot 1`] = `
<HelmetWrapper
  defer={true}
  encodeSpecialCharacters={true}
>
  <title>
    test
  </title>
</HelmetWrapper>
`;
