// Jest Snapshot v1, https://goo.gl/fbAQLP

exports[`Test Spacing component Tests snapshot 1`] = `<styled.div />`;

exports[`Test StyledSpacing component Tests snapshot 1`] = `
<div
  class=""
/>
`;
