// Jest Snapshot v1, https://goo.gl/fbAQLP

exports[`Test GlobalStyle Tests snapshot 1`] = `null`;
