// Jest Snapshot v1, https://goo.gl/fbAQLP

exports[`Test Credits scene Tests snapshot 1`] = `""`;
