// Jest Snapshot v1, https://goo.gl/fbAQLP

exports[`render App.tsx 1`] = `"<div class=\\"App\\"><header class=\\"MuiPaper-root MuiPaper-elevation MuiPaper-elevation0 MuiAppBar-root MuiAppBar-colorPrimary MuiAppBar-positionStatic css-120r8wl-MuiPaper-root-MuiAppBar-root\\"><div class=\\"MuiContainer-root MuiContainer-maxWidthXl css-19r6kue-MuiContainer-root\\"><div class=\\"MuiToolbar-root MuiToolbar-regular css-1cndkqf-MuiToolbar-root\\"><div class=\\"MuiTypography-root MuiTypography-h6 MuiTypography-noWrap css-1083xa6-MuiTypography-root\\">Movie search app</div><div class=\\"MuiBox-root css-1lvtzne\\"><button class=\\"MuiButtonBase-root MuiIconButton-root MuiIconButton-colorInherit MuiIconButton-sizeLarge css-1pz7awu-MuiButtonBase-root-MuiIconButton-root\\" tabindex=\\"0\\" type=\\"button\\" aria-label=\\"account of current user\\" aria-controls=\\"menu-appbar\\" aria-haspopup=\\"true\\"><svg class=\\"MuiSvgIcon-root MuiSvgIcon-fontSizeMedium css-i4bv87-MuiSvgIcon-root\\" focusable=\\"false\\" aria-hidden=\\"true\\" viewBox=\\"0 0 24 24\\" data-testid=\\"MenuIcon\\"><path d=\\"M3 18h18v-2H3v2zm0-5h18v-2H3v2zm0-7v2h18V6H3z\\"></path></svg><span class=\\"MuiTouchRipple-root css-8je8zh-MuiTouchRipple-root\\"></span></button></div><div class=\\"MuiTypography-root MuiTypography-h6 MuiTypography-noWrap css-h7cdpm-MuiTypography-root\\">Movie search app</div><div class=\\"MuiBox-root css-1t6c9ts\\"><a class=\\"MuiButton-root MuiButton-text MuiButton-textPrimary MuiButton-sizeMedium MuiButton-textSizeMedium MuiButtonBase-root  css-1q39md6-MuiButtonBase-root-MuiButton-root\\" tabindex=\\"0\\" href=\\"/\\">Home<span class=\\"MuiTouchRipple-root css-8je8zh-MuiTouchRipple-root\\"></span></a></div></div></div></header><div class=\\"MuiContainer-root MuiContainer-maxWidthLg css-1oqqzyl-MuiContainer-root\\"><div class=\\"MuiGrid-root MuiGrid-container MuiGrid-spacing-xs-2 MuiGrid-direction-xs-column css-xwlqn3-MuiGrid-root\\"><div class=\\"MuiGrid-root MuiGrid-item css-13i4rnv-MuiGrid-root\\" style=\\"text-align: center;\\"><div class=\\"MuiTypography-root MuiTypography-h3 css-gepadz-MuiTypography-root\\">Search movie</div><div class=\\"MuiTypography-root MuiTypography-h5 css-ag7rrr-MuiTypography-root\\">Search for a movie using input below</div></div><div class=\\"MuiGrid-root MuiGrid-item css-13i4rnv-MuiGrid-root\\" style=\\"width: 400px;\\"><div class=\\"MuiOutlinedInput-root MuiInputBase-root MuiInputBase-colorPrimary MuiInputBase-fullWidth MuiInputBase-adornedStart css-8j6b76-MuiInputBase-root-MuiOutlinedInput-root\\"><div class=\\"MuiInputAdornment-root MuiInputAdornment-positionStart css-ittuaa-MuiInputAdornment-root\\"><span class=\\"notranslate\\">​</span><svg class=\\"MuiSvgIcon-root MuiSvgIcon-fontSizeMedium css-i4bv87-MuiSvgIcon-root\\" focusable=\\"false\\" aria-hidden=\\"true\\" viewBox=\\"0 0 24 24\\" data-testid=\\"SearchIcon\\"><path d=\\"M15.5 14h-.79l-.28-.27C15.41 12.59 16 11.11 16 9.5 16 5.91 13.09 3 9.5 3S3 5.91 3 9.5 5.91 16 9.5 16c1.61 0 3.09-.59 4.23-1.57l.27.28v.79l5 4.99L20.49 19l-4.99-5zm-6 0C7.01 14 5 11.99 5 9.5S7.01 5 9.5 5 14 7.01 14 9.5 11.99 14 9.5 14z\\"></path></svg></div><input id=\\"search-input\\" placeholder=\\"Search...\\" type=\\"text\\" class=\\"MuiOutlinedInput-input MuiInputBase-input MuiInputBase-inputAdornedStart css-1o9s3wi-MuiInputBase-input-MuiOutlinedInput-input\\" value=\\"\\"><fieldset aria-hidden=\\"true\\" class=\\"MuiOutlinedInput-notchedOutline css-1d3z3hw-MuiOutlinedInput-notchedOutline\\"><legend class=\\"css-nnbavb\\"><span class=\\"notranslate\\">​</span></legend></fieldset></div></div><div class=\\"MuiGrid-root MuiGrid-item css-r4jj1p-MuiGrid-root\\"><div class=\\"MuiGrid-root MuiGrid-container MuiGrid-spacing-xs-2 css-9ny27p-MuiGrid-root\\"></div></div></div></div></div>"`;
